==========================================
Thoi gian: 2025-10-31 14:23:38
Nguoi thuc hien: vi
Loai hoat dong: THEM_TAI_XE
Doi tuong: Tai xe ID: TX0016
Chi tiet: Ten: NVB | GPLX: A1
Trang thai: THANH_CONG
==========================================

==========================================
Thoi gian: 2025-10-31 14:51:24
Nguoi thuc hien: vi
Loai hoat dong: THEM_TAI_XE
Doi tuong: Tai xe ID: 1
Chi tiet: Ten: NVA | GPLX: B1
Trang thai: THANH_CONG
==========================================

==========================================
Thoi gian: 2025-10-31 14:57:14
Nguoi thuc hien: vi
Loai hoat dong: THEM_TAI_XE
Doi tuong: Tai xe ID: 1
Chi tiet: Ten: NVB | GPLX: B1
Trang thai: THANH_CONG
==========================================

==========================================
Thoi gian: 2025-10-31 15:00:38
Nguoi thuc hien: vi
Loai hoat dong: THEM_TAI_XE
Doi tuong: Tai xe ID: 1
Chi tiet: Ten: Nveg | GPLX: A1
Trang thai: THANH_CONG
==========================================

==========================================
Thoi gian: 2025-10-31 15:03:09
Nguoi thuc hien: vi
Loai hoat dong: THEM_TAI_XE
Doi tuong: Tai xe ID: TX0016
Chi tiet: Ten: gth | GPLX: 45
Trang thai: THANH_CONG
==========================================

==========================================
Thoi gian: 2025-11-08 15:40:02
Nguoi thuc hien: xo
Loai hoat dong: THEM_TAXI
Doi tuong: Taxi ID: XE016
Chi tiet: Bien so:  | Hang:  | Suc chua: 65536
Trang thai: THANH_CONG
==========================================

==========================================
Thoi gian: 2025-11-08 15:40:54
Nguoi thuc hien: xo
Loai hoat dong: SUA_TAXI
Doi tuong: Taxi ID: 
Chi tiet: Khong tim thay trong he thong
Trang thai: THAT_BAI
==========================================

==========================================
Thoi gian: 2025-11-08 15:41:05
Nguoi thuc hien: xo
Loai hoat dong: THEM_TAI_XE
Doi tuong: Tai xe ID: TX016
Chi tiet: Ten:  | GPLX: 
Trang thai: THANH_CONG
==========================================

==========================================
Thoi gian: 2025-11-08 15:41:13
Nguoi thuc hien: xo
Loai hoat dong: THEM_TAI_XE
Doi tuong: Tai xe ID: TX017
Chi tiet: Ten:  | GPLX: 
Trang thai: THANH_CONG
==========================================

==========================================
Thoi gian: 2025-11-08 15:41:14
Nguoi thuc hien: xo
Loai hoat dong: THEM_TAI_XE
Doi tuong: Tai xe ID: TX018
Chi tiet: Ten:  | GPLX: 
Trang thai: THANH_CONG
==========================================

==========================================
Thoi gian: 2025-11-08 15:41:16
Nguoi thuc hien: xo
Loai hoat dong: THEM_TAI_XE
Doi tuong: Tai xe ID: TX019
Chi tiet: Ten:  | GPLX: 
Trang thai: THANH_CONG
==========================================

==========================================
Thoi gian: 2025-11-08 15:41:17
Nguoi thuc hien: xo
Loai hoat dong: THEM_TAI_XE
Doi tuong: Tai xe ID: TX020
Chi tiet: Ten:  | GPLX: 
Trang thai: THANH_CONG
==========================================

==========================================
Thoi gian: 2025-11-08 15:44:05
Nguoi thuc hien: xo
Loai hoat dong: THEM_CHUYEN_XE
Doi tuong: Chuyen xe ID: CX0001
Chi tiet: Tai xe TX001 chua duoc gan cho xe XE003
Trang thai: THAT_BAI
==========================================

