=== LICH SU CHUYEN XE ===
Thoi gian: 2025-11-22 09:50:49
Nguoi thuc hien: vi
Hanh dong: THEM_MOI
--- Thong tin chuyen xe ---
ID Chuyen: CX0001
ID Tai xe: TX001
ID Xe: XE002
Ten khach hang: a
SDT khach: 235654
Thoi diem: 22/11/2025
Khoang cach: 0.75 km
Thoi gian: 0.75 gio
Cuoc phi: 34938 VND
------------------------------------------------------------

=== LICH SU CHUYEN XE ===
Thoi gian: 2025-11-22 09:51:55
Nguoi thuc hien: vi
Hanh dong: THEM_MOI
--- Thong tin chuyen xe ---
ID Chuyen: CX0002
ID Tai xe: TX002
ID Xe: XE003
Ten khach hang: 3t
SDT khach: g454
Thoi diem: 22/11/2025 08:30
Khoang cach: 15.50 km
Thoi gian: 0.75 gio
Cuoc phi: 217275 VND
------------------------------------------------------------

