=== LICH SU TAI XE ===
Thoi gian: 2025-10-31 14:23:38
Nguoi thuc hien: vi
Hanh dong: THEM_MOI
--- Thong tin tai xe ---
ID: TX0016
Ho ten: NVB
Ngay sinh: 15/06/1990
CCCD: 001085001564
Dia chi: 256 NLB, Q.LC, TP.HCM
SDT: 0123456789
So GPLX: 132547698
Hang GPLX: A1
Ngay gia nhap: 02/03/2015
Gioi tinh: Nam
Trang thai: Ranh
Ghi chu: 
------------------------------------------------------------

=== LICH SU TAI XE ===
Thoi gian: 2025-10-31 14:51:24
Nguoi thuc hien: vi
Hanh dong: THEM_MOI
--- Thong tin tai xe ---
ID: 1
Ho ten: NVA
Ngay sinh: 15/06/1985
CCCD: 001085001421
Dia chi: 123 Nguyen Luong Bang, Q.1, TP.HCM
SDT: 0901235343
So GPLX: 132547698
Hang GPLX: B1
Ngay gia nhap: 02/03/2014
Gioi tinh: Nam
Trang thai: Ranh
Ghi chu: 
------------------------------------------------------------

=== LICH SU TAI XE ===
Thoi gian: 2025-10-31 14:57:14
Nguoi thuc hien: vi
Hanh dong: THEM_MOI
--- Thong tin tai xe ---
ID: 1
Ho ten: NVB
Ngay sinh: 15/06/1985
CCCD: 001085001421
Dia chi: 123 Lfegr
SDT: 32546765687
So GPLX: 2545757
Hang GPLX: B1
Ngay gia nhap: 15/06/2016
Gioi tinh: Nam
Trang thai: Ranh
Ghi chu: 
------------------------------------------------------------

=== LICH SU TAI XE ===
Thoi gian: 2025-10-31 15:00:38
Nguoi thuc hien: vi
Hanh dong: THEM_MOI
--- Thong tin tai xe ---
ID: 1
Ho ten: Nveg
Ngay sinh: 15/06/2025
CCCD: 243577
Dia chi: ergrthrt
SDT: 23567
So GPLX: 65477
Hang GPLX: A1
Ngay gia nhap: 15/06/1965
Gioi tinh: Nam
Trang thai: Ranh
Ghi chu: 
------------------------------------------------------------

=== LICH SU TAI XE ===
Thoi gian: 2025-10-31 15:03:09
Nguoi thuc hien: vi
Hanh dong: THEM_MOI
--- Thong tin tai xe ---
ID: TX0016
Ho ten: gth
Ngay sinh: 1435
CCCD: 534656
Dia chi: 365
SDT: 43464
So GPLX: 36
Hang GPLX: 45
Ngay gia nhap: 436
Gioi tinh: Nam
Trang thai: Ranh
Ghi chu: 
------------------------------------------------------------

=== LICH SU TAI XE ===
Thoi gian: 2025-11-22 08:48:31
Nguoi thuc hien: xo
Hanh dong: THEM_MOI
--- Thong tin tai xe ---
ID: TX016
Ho ten: 
Ngay sinh: 
CCCD: 
Dia chi: 
SDT: 
So GPLX: 
Hang GPLX: 
Ngay gia nhap: 
Gioi tinh: Nu
Trang thai: Ban
Ghi chu: 4
------------------------------------------------------------

