==========================================
Thoi gian: 2025-10-31 14:23:38
Nguoi thuc hien: vi
Loai hoat dong: THEM_TAI_XE
Doi tuong: Tai xe ID: TX0016
Chi tiet: Ten: NVB | GPLX: A1
Trang thai: THANH_CONG
==========================================

==========================================
Thoi gian: 2025-10-31 14:51:24
Nguoi thuc hien: vi
Loai hoat dong: THEM_TAI_XE
Doi tuong: Tai xe ID: 1
Chi tiet: Ten: NVA | GPLX: B1
Trang thai: THANH_CONG
==========================================

==========================================
Thoi gian: 2025-10-31 14:57:14
Nguoi thuc hien: vi
Loai hoat dong: THEM_TAI_XE
Doi tuong: Tai xe ID: 1
Chi tiet: Ten: NVB | GPLX: B1
Trang thai: THANH_CONG
==========================================

==========================================
Thoi gian: 2025-10-31 15:00:38
Nguoi thuc hien: vi
Loai hoat dong: THEM_TAI_XE
Doi tuong: Tai xe ID: 1
Chi tiet: Ten: Nveg | GPLX: A1
Trang thai: THANH_CONG
==========================================

==========================================
Thoi gian: 2025-10-31 15:03:09
Nguoi thuc hien: vi
Loai hoat dong: THEM_TAI_XE
Doi tuong: Tai xe ID: TX0016
Chi tiet: Ten: gth | GPLX: 45
Trang thai: THANH_CONG
==========================================

==========================================
Thoi gian: 2025-11-11 11:55:15
Nguoi thuc hien: xo
Loai hoat dong: XOA_TAI_XE
Doi tuong: Tai xe ID: TX003
Chi tiet: Nguoi dung huy thao tac
Trang thai: HUY_BO
==========================================

==========================================
Thoi gian: 2025-11-11 12:12:42
Nguoi thuc hien: xo
Loai hoat dong: XOA_TAI_XE
Doi tuong: Tai xe ID: sq
Chi tiet: Khong tim thay trong he thong
Trang thai: THAT_BAI
==========================================

==========================================
Thoi gian: 2025-11-22 08:48:31
Nguoi thuc hien: xo
Loai hoat dong: THEM_TAI_XE
Doi tuong: Tai xe ID: TX016
Chi tiet: Ten:  | GPLX: 
Trang thai: THANH_CONG
==========================================

==========================================
Thoi gian: 2025-11-22 08:48:41
Nguoi thuc hien: xo
Loai hoat dong: XOA_TAI_XE
Doi tuong: Tai xe ID: de
Chi tiet: Khong tim thay trong he thong
Trang thai: THAT_BAI
==========================================

==========================================
Thoi gian: 2025-11-22 08:51:39
Nguoi thuc hien: xo
Loai hoat dong: XOA_TAI_XE
Doi tuong: Tai xe ID: 23
Chi tiet: Khong tim thay trong he thong
Trang thai: THAT_BAI
==========================================

==========================================
Thoi gian: 2025-11-26 21:41:06
Nguoi thuc hien: vi
Loai hoat dong: THEM_CHUYEN_XE
Doi tuong: Chuyen xe ID: CX0013
Chi tiet: Tai xe TX001 chua duoc gan cho xe XE003
Trang thai: THAT_BAI
==========================================

==========================================
Thoi gian: 2025-11-26 21:42:20
Nguoi thuc hien: vi
Loai hoat dong: THEM_CHUYEN_XE
Doi tuong: Chuyen xe ID: CX0013
Chi tiet: Khach: Xo Nguyen | KC: 10.5km | Phi: 150525VND
Trang thai: THANH_CONG
==========================================

==========================================
Thoi gian: 2025-11-27 11:30:54
Nguoi thuc hien: vi
Loai hoat dong: XOA_CHUYEN_XE
Doi tuong: Chuyen xe ID: PC016
Chi tiet: Khong tim thay trong he thong
Trang thai: THAT_BAI
==========================================

==========================================
Thoi gian: 2025-11-27 11:32:15
Nguoi thuc hien: vi
Loai hoat dong: XOA_CHUYEN_XE
Doi tuong: Chuyen xe ID: PC016
Chi tiet: Khong tim thay trong he thong
Trang thai: THAT_BAI
==========================================

==========================================
Thoi gian: 2025-11-27 13:41:31
Nguoi thuc hien: xo
Loai hoat dong: THEM_CHUYEN_XE
Doi tuong: Chuyen xe ID: CX0013
Chi tiet: Tai xe e2 khong ton tai
Trang thai: THAT_BAI
==========================================

==========================================
Thoi gian: 2025-11-28 18:41:52
Nguoi thuc hien: vi
Loai hoat dong: SAP_XEP_TAI_XE
Doi tuong: Tieu chi: 3
Chi tiet: So luong: 13
Trang thai: THANH_CONG
==========================================

==========================================
Thoi gian: 2025-11-28 18:42:03
Nguoi thuc hien: vi
Loai hoat dong: SAP_XEP_TAI_XE
Doi tuong: Tieu chi: 4
Chi tiet: So luong: 13
Trang thai: THANH_CONG
==========================================

==========================================
Thoi gian: 2025-11-28 18:46:34
Nguoi thuc hien: vi
Loai hoat dong: THEM_TAI_XE
Doi tuong: Tai xe ID: TX016
Chi tiet: Ho va Ten: Dang Lam Chi Vi | GPLX: A2
Trang thai: THANH_CONG
==========================================

==========================================
Thoi gian: 2025-11-28 18:51:04
Nguoi thuc hien: vi
Loai hoat dong: THEM_TAI_XE
Doi tuong: Tai xe ID: TX017
Chi tiet: Ho va Ten: vivi | GPLX: 326
Trang thai: THANH_CONG
==========================================

==========================================
Thoi gian: 2025-11-28 18:51:36
Nguoi thuc hien: vi
Loai hoat dong: THEM_TAI_XE
Doi tuong: Tai xe ID: TX018
Chi tiet: Ho va Ten: Dang LamVi | GPLX: jr
Trang thai: THANH_CONG
==========================================

==========================================
Thoi gian: 2025-11-28 18:53:53
Nguoi thuc hien: vi
Loai hoat dong: THEM_TAI_XE
Doi tuong: Tai xe ID: TX016
Chi tiet: Ho va Ten: Dang Lam ChiVi | GPLX: A2
Trang thai: THANH_CONG
==========================================
==========================================
Thoi gian: 2025-12-22 16:41:26
Nguoi thuc hien: vi
Loai hoat dong: XOA_TAI_XE
Doi tuong: Tai xe ID: TX016
Chi tiet: Ho va Ten: Dang Lam ChiVi | Xe anh huong: 0
Trang thai: THANH_CONG
==========================================

==========================================
Thoi gian: 2025-12-22 17:57:30
Nguoi thuc hien: vi
Loai hoat dong: THEM_TAXI
Doi tuong: Taxi ID: XE016
Chi tiet: Bien so: 75AE-8888 | Hang: Honda | Suc chua: 4
Trang thai: THANH_CONG
==========================================

==========================================
Thoi gian: 2025-12-22 18:27:58
Nguoi thuc hien: vi
Loai hoat dong: THEM_PHAN_CONG
Doi tuong: PC0017
Chi tiet: Tai xe: TX001, Xe: XE001, Ngay:  gr
Trang thai: THANH_CONG
==========================================

==========================================
Thoi gian: 2025-12-22 18:28:12
Nguoi thuc hien: vi
Loai hoat dong: THEM_PHAN_CONG
Doi tuong: PC0018
Chi tiet: Tai xe: TX001, Xe: XE001, Ngay:  gg
Trang thai: THANH_CONG
==========================================

==========================================
Thoi gian: 2025-12-22 18:30:16
Nguoi thuc hien: vi
Loai hoat dong: THEM_PHAN_CONG
Doi tuong: PC0019
Chi tiet: Tai xe: TX001, Xe: XE002, Ngay:  25/12/2025
Trang thai: THANH_CONG
==========================================

==========================================
Thoi gian: 2025-12-22 22:12:01
Nguoi thuc hien: vi
Loai hoat dong: XOA_TAI_XE
Doi tuong: Tai xe ID: 
Chi tiet: Khong tim thay trong he thong
Trang thai: THAT_BAI
==========================================

