=== LICH SU PHAN CONG ===
Thoi gian: 2025-12-22 18:27:58
Nguoi thuc hien: vi
Hanh dong: THEM_PHAN_CONG
--- Thong tin phan cong ---
ID Phan Cong: PC0017
ID Tai Xe: TX001
ID Xe: XE001
Ngay lam viec: gr
Ca lam viec: et
Gio vao: tj
Gio ra: tj
Loai phan cong: 
Da hoan thanh: Chua
Doanh thu: 0.00
So Km chay: 0.00
Ghi chu them: Them phan cong moi thanh cong
------------------------------------------------------------

=== LICH SU PHAN CONG ===
Thoi gian: 2025-12-22 18:28:12
Nguoi thuc hien: vi
Hanh dong: THEM_PHAN_CONG
--- Thong tin phan cong ---
ID Phan Cong: PC0018
ID Tai Xe: TX001
ID Xe: XE001
Ngay lam viec: gg
Ca lam viec: tj
Gio vao: jty
Gio ra: yy
Loai phan cong: jy
Da hoan thanh: Chua
Doanh thu: 0.00
So Km chay: 0.00
Ghi chu them: Them phan cong moi thanh cong
------------------------------------------------------------

=== LICH SU PHAN CONG ===
Thoi gian: 2025-12-22 18:30:16
Nguoi thuc hien: vi
Hanh dong: THEM_PHAN_CONG
--- Thong tin phan cong ---
ID Phan Cong: PC0019
ID Tai Xe: TX001
ID Xe: XE002
Ngay lam viec: 25/12/2025
Ca lam viec: CA_SANG
Gio vao: 06:00
Gio ra: 14:00
Loai phan cong: THEO_CA\
Da hoan thanh: Chua
Doanh thu: 0.00
So Km chay: 0.00
Ghi chu them: Them phan cong moi thanh cong
------------------------------------------------------------

